// Jest Snapshot v1, https://goo.gl/fbAQLP

exports[`renders correctly 1`] = `
<View
  style={
    Object {
      "alignItems": "center",
      "backgroundColor": "#F5FCFF",
      "flex": 1,
      "justifyContent": "center",
    }
  }
>
  <Text
    style={
      Object {
        "fontSize": 20,
        "margin": 10,
        "textAlign": "center",
      }
    }
  >
    Welcome to React Native
  </Text>
  <Text
    style={
      Object {
        "color": "#333333",
        "fontSize": 20,
        "marginBottom": 5,
        "textAlign": "center",
      }
    }
  >
    Rokt Widget Integration!
  </Text>
  <Text>
    Press Cmd+R to reload,
Cmd+D or shake for dev menu
  </Text>
  <View
    accessible={true}
    focusable={true}
    onClick={[Function]}
    onResponderGrant={[Function]}
    onResponderMove={[Function]}
    onResponderRelease={[Function]}
    onResponderTerminate={[Function]}
    onResponderTerminationRequest={[Function]}
    onStartShouldSetResponder={[Function]}
    style={
      Object {
        "opacity": 1,
      }
    }
  >
    <Text
      style={
        Object {
          "backgroundColor": "#4ba9c8",
          "borderColor": "white",
          "borderRadius": 12,
          "borderWidth": 1,
          "color": "white",
          "fontSize": 24,
          "fontWeight": "bold",
          "overflow": "hidden",
          "padding": 12,
          "textAlign": "center",
        }
      }
    >
      Initialize
    </Text>
  </View>
  <View
    accessible={true}
    focusable={true}
    onClick={[Function]}
    onResponderGrant={[Function]}
    onResponderMove={[Function]}
    onResponderRelease={[Function]}
    onResponderTerminate={[Function]}
    onResponderTerminationRequest={[Function]}
    onStartShouldSetResponder={[Function]}
    style={
      Object {
        "opacity": 1,
      }
    }
  >
    <Text
      style={
        Object {
          "backgroundColor": "#4ba9c8",
          "borderColor": "white",
          "borderRadius": 12,
          "borderWidth": 1,
          "color": "white",
          "fontSize": 24,
          "fontWeight": "bold",
          "overflow": "hidden",
          "padding": 12,
          "textAlign": "center",
        }
      }
    >
      Execute
    </Text>
  </View>
  <RoktWidget
    style={
      Object {
        "alignItems": "center",
        "backgroundColor": "#94F1FF",
        "justifyContent": "center",
        "width": 300,
      }
    }
  />
</View>
`;
